resources:
- name: outbound:10.20.20.1:9090
  resource:
    '@type': type.googleapis.com/envoy.config.listener.v3.Listener
    address:
      socketAddress:
        address: 10.20.20.1
        portValue: 9090
    filterChains:
    - filters:
      - name: envoy.filters.network.tcp_proxy
        typedConfig:
          '@type': type.googleapis.com/envoy.extensions.filters.network.tcp_proxy.v3.TcpProxy
          statPrefix: example
          weightedClusters:
            clusters:
            - name: meshexternalservice_example2
              weight: 50
            - name: meshexternalservice_example
              weight: 50
    metadata:
      filterMetadata:
        io.kuma.tags: {}
    name: outbound:10.20.20.1:9090
    trafficDirection: OUTBOUND
- name: outbound:127.0.0.1:10001
  resource:
    '@type': type.googleapis.com/envoy.config.listener.v3.Listener
    address:
      socketAddress:
        address: 127.0.0.1
        portValue: 10001
    filterChains:
    - filters:
      - name: envoy.filters.network.tcp_proxy
        typedConfig:
          '@type': type.googleapis.com/envoy.extensions.filters.network.tcp_proxy.v3.TcpProxy
          statPrefix: backend
          weightedClusters:
            clusters:
            - name: meshexternalservice_example2
              weight: 50
            - name: meshexternalservice_example
              weight: 50
    metadata:
      filterMetadata:
        io.kuma.tags:
          kuma.io/service: backend
    name: outbound:127.0.0.1:10001
    trafficDirection: OUTBOUND
